// Jest Snapshot v1, https://goo.gl/fbAQLP

exports[`matches screenshot 1`] = `
<div
  className="input"
>
  1
</div>
`;
