// Jest Snapshot v1, https://goo.gl/fbAQLP

exports[`matches screenshot 1`] = `
<button
  className="clearbutton"
>
  clear
</button>
`;
